   Ôû▓ Next.js 16.0.10 (Turbopack)
   - Environments: .env.local, .env
   - Experiments (use with caution):
     ┬À optimizePackageImports

   Creating an optimized production build ...
 Ô£ô Compiled successfully in 2.3s
   Running TypeScript ...
   Collecting page data using 11 workers ...
   Generating static pages using 11 workers (0/1) ...
 Ô£ô Generating static pages using 11 workers (1/1) in 836.3ms
   Finalizing page optimization ...


Route (pages)
ÔöÇ Ôùï /404

ãÆ Proxy (Middleware)

Ôùï  (Static)  prerendered as static content

